✔ visual relationship grouping preserves mixed provenance and original facts (0.711166ms)
✔ confirmation failure stays inside the dialog and never retries the mutation (5.604792ms)
✔ viewer joining handoff separates browser identity, project token and renewal ownership (0.624583ms)
✔ relationship origins show answering run, unknown scope and correction guidance (0.664625ms)
✔ PR evidence and eligibility precede a collapsed uncalibrated heuristic (1.143291ms)
✔ first use stays dismissible; project load failure is not an empty workspace (1.755959ms)
✔ import retains reviewed candidates and draft, invalidates changed scope and shows local errors (3.662208ms)
✔ all extracted evidence remains reachable past the initial display limit (1.325292ms)
✔ contract comparison pins direction, exposes evidence, and never claims complete compatibility (1.086458ms)
✔ access checks retain prior data on transient failure and clear it on denial (0.795916ms)
✔ PR providers distinguish local-only, query failure and successfully empty results (2.421875ms)
✔ late provider responses cannot replace a different workspace (1.143458ms)
✔ readiness notice separates saved graph from partial, failed and completed work (0.429458ms)
✔ a late workspace read cannot replace the newly selected project (3.265125ms)
✔ admin saves bounded limits with revision and reloads effective usage (5.758584ms)
✔ reader sees limits without editing controls (1.263666ms)
✔ invalid drafts never reach the server (0.97575ms)
✔ conflicting saves retain drafts, require reload and do not silently overwrite (1.281167ms)
✔ unavailable policy fails closed in the screen (0.578958ms)
✔ token screen issues once, hides secrets, confirms/cancels revocation and retains history (19.18ms)
✔ revoking the newly issued token removes its displayed secret (3.242166ms)
▶ legacy mode and unavailable registries cannot issue via the screen
  ✔ legacy (0.864417ms)
  ✔ unavailable (0.520917ms)
✔ legacy mode and unavailable registries cannot issue via the screen (1.6875ms)
✔ issuance errors do not leak a secret or claim success (1.018792ms)
✔ failed revocation preserves the active record and permits a retry (1.387208ms)
ℹ tests 26
ℹ suites 0
ℹ pass 26
ℹ fail 0
ℹ cancelled 0
ℹ skipped 0
ℹ todo 0
ℹ duration_ms 328.820458
