✔ project creation respects scoped administration (0.348375ms)
✔ member drafts preserve exact subjects and reject unsafe grants (0.427333ms)
✔ access route preserves project identity (0.155042ms)
✔ lost write responses retain safe recovery without replaying the request (0.732875ms)
✔ conflict feedback preserves recovery and validation without automatic write retries (0.18625ms)
✔ comparison defaults select available snapshots and respect pinned IDs (2.034291ms)
✔ comparison routes preserve explicit direction and escaped identifiers (0.21575ms)
✔ semantic keys display safely without requiring a known schema (0.080417ms)
✔ only recoverable jobs with saved requests offer resume (0.364459ms)
✔ progress includes terminal checkpoints, not just successful analyses (0.079541ms)
✔ pack provenance includes source lines and declaration limits (0.415416ms)
✔ legacy objects and malformed evidence do not invent provenance (0.292667ms)
✔ quota requests preserve revision and explicit inherit, with bounded integer caps (0.711125ms)
✔ operation actions respect roles and persisted lifecycle (0.839791ms)
✔ operation labels distinguish retry and draining cancellation (0.076167ms)
✔ operations routes decode project identity (0.450125ms)
✔ disconnection preserves provenance and pauses every action; denial loses graph claims (0.367833ms)
✔ partial and failed maintenance preserve the saved graph explanation (0.154292ms)
✔ token issuance is bounded and never grants admin (0.743875ms)
✔ expiry boundary and revocation take effect in the token list (0.083333ms)
ℹ tests 20
ℹ suites 0
ℹ pass 20
ℹ fail 0
ℹ cancelled 0
ℹ skipped 0
ℹ todo 0
ℹ duration_ms 44.570958
